python : 2026-04-08 
11:16:19,238 - INFO 
- ==================
====================
====================
====================
==
所在位置 行:1 字符: 35
+ ... \backend" ; py
thon tests/verificat
ion/test_business_sc
enario_bm25.py  ...
+                 ~~
~~~~~~~~~~~~~~~~~~~~
~~~~~~~~~~~~~~~~~~~~
~~~~~~~~~~~~~~~
    + CategoryInfo  
            : NotS  
  pecified: (2026   
 -04-08 11:1...=    
==============:    S
tring) [], Rem    ot
eException
    + FullyQualifie 
   dErrorId : Nati  
  veCommandError
 
2026-04-08 11:16:19,
238 - INFO - 真实业务场景 
BM25 召回准确性对比测试
2026-04-08 11:16:19,
238 - INFO - =======
====================
====================
====================
=============
2026-04-08 11:16:19,
238 - INFO - 
测试配置:
2026-04-08 11:16:19,
238 - INFO -   分块大小:
 1000 tokens
2026-04-08 11:16:19,
238 - INFO -   重叠大小:
 100 tokens
2026-04-08 11:16:19,
238 - INFO -   最大文档数
: 30
2026-04-08 11:16:19,
238 - INFO - =======
====================
====================
====================
=============
2026-04-08 11:16:19,
238 - INFO - 从 D:\编程
开发\AI\ai_chat\backen
d\tests\verification
\..\..\docs 加载文档并分块.
..
2026-04-08 11:16:19,
238 - INFO - 分块参数: c
hunk_size=1000, over
lap_size=100
2026-04-08 11:16:19,
267 - INFO - 加载了 30 
个文档
2026-04-08 11:16:19,
343 - INFO - 生成了 58 
个分块
2026-04-08 11:16:19,
343 - INFO - 平均每文档分块
数: 1.9
2026-04-08 11:16:19,
344 - INFO - 
====================
====================
====================
====================
2026-04-08 11:16:19,
344 - INFO - 测试: 测试知
识库和向量检索相关文档
2026-04-08 11:16:19,
344 - INFO - =======
====================
====================
====================
=============
2026-04-08 11:16:19,
359 - INFO - 
[Python/Qdrant] 查询: 
'知识库 向量搜索'
Building prefix dict
 from the default di
ctionary ...
2026-04-08 11:16:19,
360 - DEBUG - Buildi
ng prefix dict from 
the default dictiona
ry ...
Loading model from c
ache C:\Users\22071\
AppData\Local\Temp\j
ieba.cache
2026-04-08 11:16:19,
360 - DEBUG - Loadin
g model from cache C
:\Users\22071\AppDat
a\Local\Temp\jieba.c
ache
Loading model cost 0
.935 seconds.
2026-04-08 11:16:20,
295 - DEBUG - Loadin
g model cost 0.935 s
econds.
Prefix dict has been
 built successfully.
2026-04-08 11:16:20,
295 - DEBUG - Prefix
 dict has been built
 successfully.
2026-04-08 11:16:20,
452 - INFO -   匹配分块数
: 58/58
2026-04-08 11:16:20,
452 - INFO -   Top-1
: QDRANT_VERIFICATIO
N_REPORT.md (分数: 5.3
421)
2026-04-08 11:16:20,
457 - INFO - 
[TypeScript/SQLite F
TS5] 查询: '知识库 向量搜索'
2026-04-08 11:16:20,
658 - INFO -   匹配分块数
: 10/58
2026-04-08 11:16:20,
658 - INFO -   Top-1
: 废弃业务清理总结.md (分数: 0
.264816)
2026-04-08 11:16:20,
662 - INFO - 
--- 召回准确性评估 ---
2026-04-08 11:16:20,
662 - INFO - 查询: '知识
库 向量搜索'
2026-04-08 11:16:20,
662 - INFO - 相关关键词: 
['knowledge_base', '
vector', 'search', '
qdrant', 'chroma']
2026-04-08 11:16:20,
663 - INFO - 
[Python] Top-10 结果及相
关性分析:
2026-04-08 11:16:20,
663 - INFO - 排名   | 
文档                  
                    
 | 分数         | 相关性 
   | 匹配关键词
2026-04-08 11:16:20,
663 - INFO - -----+-
--------------------
--------------------
-+------------+-----
---+----------------
-----
2026-04-08 11:16:20,
663 - INFO - 1    | 
QDRANT_VERIFICATION_
REPORT.md           
 | 5.3421     | 3   
   | vector, search,
 qdrant, chroma
2026-04-08 11:16:20,
663 - INFO - 2    | 
VECTOR_SEARCH_PARAMS
_FIX.md             
 | 5.0733     | 2   
   | knowledge_base,
 search
2026-04-08 11:16:20,
664 - INFO - 3    | 
QDRANT_USAGE_GUIDE.m
d                   
 | 5.0314     | 3   
   | vector, qdrant,
 chroma
2026-04-08 11:16:20,
664 - INFO - 4    | 
DATABASE_RESET_TOOL.
md                  
 | 4.4499     | 0   
   | -
2026-04-08 11:16:20,
664 - INFO - 5    | 
MIXED_SEARCH_SUMMARY
.md                 
 | 4.4153     | 3   
   | knowledge_base,
 search, chroma
2026-04-08 11:16:20,
668 - INFO - 6    | 
BM25_PERFORMANCE_REP
ORT.md              
 | 4.4137     | 2   
   | search, qdrant
2026-04-08 11:16:20,
668 - INFO - 7    | 
VECTOR_SEARCH_PARAMS
_FIX.md             
 | 4.3153     | 2   
   | vector, search
2026-04-08 11:16:20,
668 - INFO - 8    | 
HYBRID_SEARCH_TEST_R
EPORT.md            
 | 4.2191     | 0   
   | -
2026-04-08 11:16:20,
668 - INFO - 9    | 
BM25_CHINESE_SUPPORT
_REPORT.md          
 | 4.1915     | 2   
   | search, qdrant
2026-04-08 11:16:20,
669 - INFO - 10   | 
QDRANT_MIGRATION_SUM
MARY.md             
 | 3.8663     | 2   
   | qdrant, chroma
2026-04-08 11:16:20,
670 - INFO - 
[TypeScript] Top-10 
结果及相关性分析:
2026-04-08 11:16:20,
670 - INFO - 排名   | 
文档                  
                    
 | 分数         | 相关性 
   | 匹配关键词
2026-04-08 11:16:20,
670 - INFO - -----+-
--------------------
--------------------
-+------------+-----
---+----------------
-----
2026-04-08 11:16:20,
670 - INFO - 1    | 
废弃业务清理总结.md         
                    
 | 0.2648     | 1   
   | search
2026-04-08 11:16:20,
670 - INFO - 2    | 
TOOL_PARAMETER_INJEC
TOR_REMOVAL_VERIF...
 | 0.2736     | 0   
   | -
2026-04-08 11:16:20,
671 - INFO - 3    | 
architecture\FILE_NA
MING_NORMALIZATIO...
 | 0.2813     | 0   
   | -
2026-04-08 11:16:20,
671 - INFO - 4    | 
BM25_PERFORMANCE_REP
ORT.md              
 | 0.2886     | 1   
   | qdrant
2026-04-08 11:16:20,
671 - INFO - 5    | 
BM25_CHINESE_SUPPORT
_REPORT.md          
 | 0.2916     | 0   
   | -
2026-04-08 11:16:20,
671 - INFO - 6    | 
architecture\FILE_NA
MING_NORMALIZATIO...
 | 0.3550     | 0   
   | -
2026-04-08 11:16:20,
671 - INFO - 7    | 
废弃业务清理总结.md         
                    
 | 0.3587     | 1   
   | search
2026-04-08 11:16:20,
671 - INFO - 8    | 
MIXED_SEARCH_SUMMARY
.md                 
 | 0.3719     | 0   
   | -
2026-04-08 11:16:20,
671 - INFO - 9    | 
MIXED_SEARCH_SUMMARY
.md                 
 | 0.3740     | 1   
   | chroma
2026-04-08 11:16:20,
671 - INFO - 10   | 
DATABASE_RESET_SUMMA
RY.md               
 | 0.8158     | 0   
   | -
2026-04-08 11:16:20,
671 - INFO - 
指标              | Py
thon     | TypeScrip
t | 差异
2026-04-08 11:16:20,
671 - INFO - -------
---------+----------
--+------------+----
-------
2026-04-08 11:16:20,
671 - INFO - MRR    
         | 1.0000   
  | 1.0000     | 0.0
000
2026-04-08 11:16:20,
671 - INFO - NDCG@1 
         | 1.0000   
  | 1.0000     | 0.0
000
2026-04-08 11:16:20,
671 - INFO - NDCG@3 
         | 1.0000   
  | 0.4693     | +0.
5307
2026-04-08 11:16:20,
671 - INFO - NDCG@5 
         | 0.8539   
  | 0.5585     | +0.
2954
2026-04-08 11:16:20,
671 - INFO - NDCG@10
         | 0.9605   
  | 0.8062     | +0.
1544
2026-04-08 11:16:20,
672 - INFO - Recall@
1        | 0.1250   
  | 0.2500     | -0.
1250
2026-04-08 11:16:20,
672 - INFO - Recall@
3        | 0.3750   
  | 0.2500     | +0.
1250
2026-04-08 11:16:20,
672 - INFO - Recall@
5        | 0.5000   
  | 0.5000     | 0.0
000
2026-04-08 11:16:20,
672 - INFO - Recall@
10       | 1.0000   
  | 1.0000     | 0.0
000
2026-04-08 11:16:20,
672 - INFO - Precisi
on@1     | 1.0000   
  | 1.0000     | 0.0
000
2026-04-08 11:16:20,
672 - INFO - Precisi
on@3     | 1.0000   
  | 0.3333     | +0.
6667
2026-04-08 11:16:20,
672 - INFO - Precisi
on@5     | 0.8000   
  | 0.4000     | +0.
4000
2026-04-08 11:16:20,
672 - INFO - Precisi
on@10    | 0.8000   
  | 0.4000     | +0.
4000
2026-04-08 11:16:20,
672 - INFO - 
\U0001f3c6 MRR 优胜者: 
平局
2026-04-08 11:16:20,
672 - INFO - 
====================
====================
====================
====================
2026-04-08 11:16:20,
672 - INFO - 测试: 测试 
BM25 算法相关文档
2026-04-08 11:16:20,
672 - INFO - =======
====================
====================
====================
=============
2026-04-08 11:16:20,
672 - INFO - 
[Python/Qdrant] 查询: 
'BM25 评分 关键词'
2026-04-08 11:16:20,
869 - INFO -   匹配分块数
: 58/58
2026-04-08 11:16:20,
869 - INFO -   Top-1
: HYBRID_SEARCH_TEST
_REPORT.md (分数: 7.42
38)
2026-04-08 11:16:20,
870 - INFO - 
[TypeScript/SQLite F
TS5] 查询: 'BM25 评分 关键
词'
2026-04-08 11:16:21,
052 - INFO -   匹配分块数
: 10/58
2026-04-08 11:16:21,
052 - INFO -   Top-1
: VERIFICATION_SCRIP
TS_GUIDE.md (分数: 0.6
07099)
2026-04-08 11:16:21,
057 - INFO - 
--- 召回准确性评估 ---
2026-04-08 11:16:21,
057 - INFO - 查询: 'BM
25 评分 关键词'
2026-04-08 11:16:21,
057 - INFO - 相关关键词: 
['bm25', 'keyword', 
'rank', 'fts', 'sear
ch']
2026-04-08 11:16:21,
058 - INFO - 
[Python] Top-10 结果及相
关性分析:
2026-04-08 11:16:21,
058 - INFO - 排名   | 
文档                  
                    
 | 分数         | 相关性 
   | 匹配关键词
2026-04-08 11:16:21,
058 - INFO - -----+-
--------------------
--------------------
-+------------+-----
---+----------------
-----
2026-04-08 11:16:21,
058 - INFO - 1    | 
HYBRID_SEARCH_TEST_R
EPORT.md            
 | 7.4238     | 1   
   | bm25
2026-04-08 11:16:21,
058 - INFO - 2    | 
QDRANT_VERIFICATION_
REPORT.md           
 | 7.3114     | 1   
   | bm25
2026-04-08 11:16:21,
058 - INFO - 3    | 
MIXED_SEARCH_SUMMARY
.md                 
 | 7.0567     | 3   
   | bm25, rank, sea
rch
2026-04-08 11:16:21,
058 - INFO - 4    | 
QDRANT_USAGE_GUIDE.m
d                   
 | 6.9256     | 1   
   | bm25
2026-04-08 11:16:21,
059 - INFO - 5    | 
QDRANT_VERIFICATION_
REPORT.md           
 | 6.8511     | 1   
   | bm25
2026-04-08 11:16:21,
059 - INFO - 6    | 
QDRANT_VERIFICATION_
REPORT.md           
 | 6.7422     | 2   
   | bm25, search
2026-04-08 11:16:21,
059 - INFO - 7    | 
QDRANT_MIGRATION_SUM
MARY.md             
 | 6.3777     | 2   
   | bm25, rank
2026-04-08 11:16:21,
059 - INFO - 8    | 
MIXED_SEARCH_SUMMARY
.md                 
 | 6.2355     | 1   
   | bm25
2026-04-08 11:16:21,
059 - INFO - 9    | 
QDRANT_MIGRATION_SUM
MARY.md             
 | 6.2126     | 3   
   | bm25, rank, sea
rch
2026-04-08 11:16:21,
059 - INFO - 10   | 
MIXED_SEARCH_SUMMARY
.md                 
 | 6.1649     | 1   
   | bm25
2026-04-08 11:16:21,
060 - INFO - 
[TypeScript] Top-10 
结果及相关性分析:
2026-04-08 11:16:21,
060 - INFO - 排名   | 
文档                  
                    
 | 分数         | 相关性 
   | 匹配关键词
2026-04-08 11:16:21,
060 - INFO - -----+-
--------------------
--------------------
-+------------+-----
---+----------------
-----
2026-04-08 11:16:21,
060 - INFO - 1    | 
VERIFICATION_SCRIPTS
_GUIDE.md           
 | 0.6071     | 2   
   | bm25, search
2026-04-08 11:16:21,
060 - INFO - 2    | 
HYBRID_SEARCH_TEST_R
EPORT.md            
 | 0.6739     | 1   
   | bm25
2026-04-08 11:16:21,
061 - INFO - 3    | 
BM25_CHINESE_SUPPORT
_REPORT.md          
 | 1.0710     | 3   
   | bm25, rank, sea
rch
2026-04-08 11:16:21,
061 - INFO - 4    | 
BM25_CHINESE_SUPPORT
_REPORT.md          
 | 1.0848     | 2   
   | bm25, search
2026-04-08 11:16:21,
061 - INFO - 5    | 
BM25_CHINESE_SUPPORT
_REPORT.md          
 | 1.1419     | 1   
   | bm25
2026-04-08 11:16:21,
061 - INFO - 6    | 
QDRANT_MIGRATION_SUM
MARY.md             
 | 1.2304     | 1   
   | bm25
2026-04-08 11:16:21,
061 - INFO - 7    | 
MIXED_SEARCH_SUMMARY
.md                 
 | 1.2533     | 3   
   | bm25, rank, sea
rch
2026-04-08 11:16:21,
061 - INFO - 8    | 
BM25_PERFORMANCE_REP
ORT.md              
 | 1.3939     | 3   
   | bm25, rank, sea
rch
2026-04-08 11:16:21,
061 - INFO - 9    | 
BM25_PERFORMANCE_REP
ORT.md              
 | 1.4213     | 2   
   | bm25, rank
2026-04-08 11:16:21,
061 - INFO - 10   | 
MIXED_SEARCH_SUMMARY
.md                 
 | 2.7152     | 1   
   | bm25
2026-04-08 11:16:21,
061 - INFO - 
指标              | Py
thon     | TypeScrip
t | 差异
2026-04-08 11:16:21,
061 - INFO - -------
---------+----------
--+------------+----
-------
2026-04-08 11:16:21,
061 - INFO - MRR    
         | 1.0000   
  | 1.0000     | 0.0
000
2026-04-08 11:16:21,
061 - INFO - NDCG@1 
         | 1.0000   
  | 1.0000     | 0.0
000
2026-04-08 11:16:21,
062 - INFO - NDCG@3 
         | 1.0000   
  | 1.0000     | 0.0
000
2026-04-08 11:16:21,
062 - INFO - NDCG@5 
         | 1.0000   
  | 1.0000     | 0.0
000
2026-04-08 11:16:21,
062 - INFO - NDCG@10
         | 1.0000   
  | 1.0000     | 0.0
000
2026-04-08 11:16:21,
062 - INFO - Recall@
1        | 0.1000   
  | 0.1000     | 0.0
000
2026-04-08 11:16:21,
062 - INFO - Recall@
3        | 0.3000   
  | 0.3000     | 0.0
000
2026-04-08 11:16:21,
062 - INFO - Recall@
5        | 0.5000   
  | 0.5000     | 0.0
000
2026-04-08 11:16:21,
062 - INFO - Recall@
10       | 1.0000   
  | 1.0000     | 0.0
000
2026-04-08 11:16:21,
062 - INFO - Precisi
on@1     | 1.0000   
  | 1.0000     | 0.0
000
2026-04-08 11:16:21,
062 - INFO - Precisi
on@3     | 1.0000   
  | 1.0000     | 0.0
000
2026-04-08 11:16:21,
062 - INFO - Precisi
on@5     | 1.0000   
  | 1.0000     | 0.0
000
2026-04-08 11:16:21,
062 - INFO - Precisi
on@10    | 1.0000   
  | 1.0000     | 0.0
000
2026-04-08 11:16:21,
062 - INFO - 
\U0001f3c6 MRR 优胜者: 
平局
2026-04-08 11:16:21,
062 - INFO - 
====================
====================
====================
====================
2026-04-08 11:16:21,
062 - INFO - 测试: 测试数
据库迁移相关文档
2026-04-08 11:16:21,
062 - INFO - =======
====================
====================
====================
=============
2026-04-08 11:16:21,
062 - INFO - 
[Python/Qdrant] 查询: 
'数据库迁移 Alembic'
2026-04-08 11:16:21,
216 - INFO -   匹配分块数
: 58/58
2026-04-08 11:16:21,
216 - INFO -   Top-1
: architecture\AGENT
_SERVICE_CONTEXT_CAC
HING.md (分数: 4.3626)
2026-04-08 11:16:21,
217 - INFO - 
[TypeScript/SQLite F
TS5] 查询: '数据库迁移 Alem
bic'
2026-04-08 11:16:21,
392 - INFO -   匹配分块数
: 10/58
2026-04-08 11:16:21,
392 - INFO -   Top-1
: QDRANT_VERIFICATIO
N_REPORT.md (分数: 0.7
50177)
2026-04-08 11:16:21,
395 - INFO - 
--- 召回准确性评估 ---
2026-04-08 11:16:21,
395 - INFO - 查询: '数据
库迁移 Alembic'
2026-04-08 11:16:21,
395 - INFO - 相关关键词: 
['migration', 'alemb
ic', 'database', 'sc
hema']
2026-04-08 11:16:21,
396 - INFO - 
[Python] Top-10 结果及相
关性分析:
2026-04-08 11:16:21,
396 - INFO - 排名   | 
文档                  
                    
 | 分数         | 相关性 
   | 匹配关键词
2026-04-08 11:16:21,
396 - INFO - -----+-
--------------------
--------------------
-+------------+-----
---+----------------
-----
2026-04-08 11:16:21,
396 - INFO - 1    | 
architecture\AGENT_S
ERVICE_CONTEXT_CA...
 | 4.3626     | 1   
   | schema
2026-04-08 11:16:21,
396 - INFO - 2    | 
废弃业务清理总结.md         
                    
 | 3.9621     | 0   
   | -
2026-04-08 11:16:21,
396 - INFO - 3    | 
DATABASE_RESET_SUMMA
RY.md               
 | 3.6175     | 0   
   | -
2026-04-08 11:16:21,
396 - INFO - 4    | 
VERIFICATION_SCRIPTS
_GUIDE.md           
 | 3.5962     | 0   
   | -
2026-04-08 11:16:21,
396 - INFO - 5    | 
DATABASE_RESET_TOOL.
md                  
 | 3.5581     | 0   
   | -
2026-04-08 11:16:21,
396 - INFO - 6    | 
architecture\EXECUTE
_CACHE_OPTIMIZATI...
 | 3.5480     | 0   
   | -
2026-04-08 11:16:21,
396 - INFO - 7    | 
architecture\GET_TOO
LS_NAMESPACED_OPT...
 | 3.4950     | 1   
   | schema
2026-04-08 11:16:21,
396 - INFO - 8    | 
QDRANT_MIGRATION_SUM
MARY.md             
 | 3.4915     | 0   
   | -
2026-04-08 11:16:21,
396 - INFO - 9    | 
QDRANT_VERIFICATION_
REPORT.md           
 | 3.2943     | 0   
   | -
2026-04-08 11:16:21,
396 - INFO - 10   | 
HYBRID_SEARCH_TEST_R
EPORT.md            
 | 3.1972     | 0   
   | -
2026-04-08 11:16:21,
397 - INFO - 
[TypeScript] Top-10 
结果及相关性分析:
2026-04-08 11:16:21,
397 - INFO - 排名   | 
文档                  
                    
 | 分数         | 相关性 
   | 匹配关键词
2026-04-08 11:16:21,
397 - INFO - -----+-
--------------------
--------------------
-+------------+-----
---+----------------
-----
2026-04-08 11:16:21,
397 - INFO - 1    | 
QDRANT_VERIFICATION_
REPORT.md           
 | 0.7502     | 0   
   | -
2026-04-08 11:16:21,
397 - INFO - 2    | 
废弃业务清理总结.md         
                    
 | 0.7569     | 0   
   | -
2026-04-08 11:16:21,
397 - INFO - 3    | 
architecture\IMPROVE
MENTS_IMPLEMENTAT...
 | 0.7737     | 0   
   | -
2026-04-08 11:16:21,
397 - INFO - 4    | 
QDRANT_USAGE_GUIDE.m
d                   
 | 0.7871     | 0   
   | -
2026-04-08 11:16:21,
397 - INFO - 5    | 
architecture\AGENT_S
ERVICE_CONTEXT_CA...
 | 0.8148     | 1   
   | schema
2026-04-08 11:16:21,
397 - INFO - 6    | 
QDRANT_MIGRATION_SUM
MARY.md             
 | 0.9176     | 0   
   | -
2026-04-08 11:16:21,
397 - INFO - 7    | 
architecture\GET_TOO
LS_NAMESPACED_OPT...
 | 0.9331     | 0   
   | -
2026-04-08 11:16:21,
397 - INFO - 8    | 
BM25_CHINESE_SUPPORT
_REPORT.md          
 | 1.0008     | 1   
   | database
2026-04-08 11:16:21,
397 - INFO - 9    | 
architecture\FAMILIE
S_DIRECTORY_CLEAN...
 | 1.0475     | 0   
   | -
2026-04-08 11:16:21,
397 - INFO - 10   | 
TOOL_PARAMETER_INJEC
TOR_REMOVAL_VERIF...
 | 1.0702     | 0   
   | -
2026-04-08 11:16:21,
398 - INFO - 
指标              | Py
thon     | TypeScrip
t | 差异
2026-04-08 11:16:21,
398 - INFO - -------
---------+----------
--+------------+----
-------
2026-04-08 11:16:21,
398 - INFO - MRR    
         | 1.0000   
  | 0.2000     | +0.
8000
2026-04-08 11:16:21,
398 - INFO - NDCG@1 
         | 1.0000   
  | 0.0000     | +1.
0000
2026-04-08 11:16:21,
398 - INFO - NDCG@3 
         | 0.6131   
  | 0.0000     | +0.
6131
2026-04-08 11:16:21,
398 - INFO - NDCG@5 
         | 0.6131   
  | 0.2372     | +0.
3759
2026-04-08 11:16:21,
398 - INFO - NDCG@10
         | 0.8175   
  | 0.4306     | +0.
3869
2026-04-08 11:16:21,
399 - INFO - Recall@
1        | 0.5000   
  | 0.0000     | +0.
5000
2026-04-08 11:16:21,
399 - INFO - Recall@
3        | 0.5000   
  | 0.0000     | +0.
5000
2026-04-08 11:16:21,
399 - INFO - Recall@
5        | 0.5000   
  | 0.5000     | 0.0
000
2026-04-08 11:16:21,
399 - INFO - Recall@
10       | 1.0000   
  | 1.0000     | 0.0
000
2026-04-08 11:16:21,
399 - INFO - Precisi
on@1     | 1.0000   
  | 0.0000     | +1.
0000
2026-04-08 11:16:21,
399 - INFO - Precisi
on@3     | 0.3333   
  | 0.0000     | +0.
3333
2026-04-08 11:16:21,
399 - INFO - Precisi
on@5     | 0.2000   
  | 0.2000     | 0.0
000
2026-04-08 11:16:21,
399 - INFO - Precisi
on@10    | 0.2000   
  | 0.2000     | 0.0
000
2026-04-08 11:16:21,
399 - INFO - 
\U0001f3c6 MRR 优胜者: 
Python
2026-04-08 11:16:21,
400 - INFO - 
====================
====================
====================
====================
2026-04-08 11:16:21,
400 - INFO - 测试: 测试认
证授权相关文档
2026-04-08 11:16:21,
400 - INFO - =======
====================
====================
====================
=============
2026-04-08 11:16:21,
400 - INFO - 
[Python/Qdrant] 查询: 
'JWT 认证 权限'
2026-04-08 11:16:21,
573 - INFO -   匹配分块数
: 58/58
2026-04-08 11:16:21,
573 - INFO -   Top-1
: BM25_CHINESE_SUPPO
RT_REPORT.md (分数: 13
.6568)
2026-04-08 11:16:21,
573 - INFO - 
[TypeScript/SQLite F
TS5] 查询: 'JWT 认证 权限'
2026-04-08 11:16:21,
794 - INFO -   匹配分块数
: 3/58
2026-04-08 11:16:21,
794 - INFO -   Top-1
: architecture\EXECU
TE_WITH_NAMESPACE_EX
TRACTION.md (分数: 2.9
83147)
2026-04-08 11:16:21,
798 - INFO - 
--- 召回准确性评估 ---
2026-04-08 11:16:21,
798 - INFO - 查询: 'JW
T 认证 权限'
2026-04-08 11:16:21,
802 - INFO - 相关关键词: 
['jwt', 'auth', 'per
mission', 'security'
, 'guard']
2026-04-08 11:16:21,
803 - INFO - 
[Python] Top-10 结果及相
关性分析:
2026-04-08 11:16:21,
804 - INFO - 排名   | 
文档                  
                    
 | 分数         | 相关性 
   | 匹配关键词
2026-04-08 11:16:21,
804 - INFO - -----+-
--------------------
--------------------
-+------------+-----
---+----------------
-----
2026-04-08 11:16:21,
804 - INFO - 1    | 
BM25_CHINESE_SUPPORT
_REPORT.md          
 | 13.6568    | 2   
   | jwt, auth
2026-04-08 11:16:21,
804 - INFO - 2    | 
architecture\EXECUTE
_WITH_NAMESPACE_E...
 | 6.4593     | 0   
   | -
2026-04-08 11:16:21,
804 - INFO - 3    | 
architecture\EXECUTE
_WITH_NAMESPACE_E...
 | 6.4492     | 0   
   | -
2026-04-08 11:16:21,
804 - INFO - 4    | 
MIXED_SEARCH_SUMMARY
.md                 
 | 3.3772     | 0   
   | -
2026-04-08 11:16:21,
805 - INFO - 5    | 
architecture\FILE_NA
MING_NORMALIZATIO...
 | 3.3768     | 0   
   | -
2026-04-08 11:16:21,
805 - INFO - 6    | 
QDRANT_VERIFICATION_
REPORT.md           
 | 3.3767     | 0   
   | -
2026-04-08 11:16:21,
805 - INFO - 7    | 
QDRANT_MIGRATION_SUM
MARY.md             
 | 3.3763     | 0   
   | -
2026-04-08 11:16:21,
805 - INFO - 8    | 
TOOL_PARAMETER_INJEC
TOR_REMOVAL_VERIF...
 | 3.3752     | 0   
   | -
2026-04-08 11:16:21,
805 - INFO - 9    | 
QDRANT_MIGRATION_SUM
MARY.md             
 | 3.3752     | 0   
   | -
2026-04-08 11:16:21,
805 - INFO - 10   | 
BM25_PERFORMANCE_REP
ORT.md              
 | 3.3750     | 0   
   | -
2026-04-08 11:16:21,
806 - INFO - 
[TypeScript] Top-10 
结果及相关性分析:
2026-04-08 11:16:21,
806 - INFO - 排名   | 
文档                  
                    
 | 分数         | 相关性 
   | 匹配关键词
2026-04-08 11:16:21,
806 - INFO - -----+-
--------------------
--------------------
-+------------+-----
---+----------------
-----
2026-04-08 11:16:21,
806 - INFO - 1    | 
architecture\EXECUTE
_WITH_NAMESPACE_E...
 | 2.9831     | 0   
   | -
2026-04-08 11:16:21,
806 - INFO - 2    | 
architecture\EXECUTE
_WITH_NAMESPACE_E...
 | 3.1259     | 0   
   | -
2026-04-08 11:16:21,
806 - INFO - 3    | 
BM25_CHINESE_SUPPORT
_REPORT.md          
 | 10.6373    | 2   
   | jwt, auth
2026-04-08 11:16:21,
806 - INFO - 
指标              | Py
thon     | TypeScrip
t | 差异
2026-04-08 11:16:21,
806 - INFO - -------
---------+----------
--+------------+----
-------
2026-04-08 11:16:21,
806 - INFO - MRR    
         | 1.0000   
  | 0.3333     | +0.
6667
2026-04-08 11:16:21,
806 - INFO - NDCG@1 
         | 1.0000   
  | 0.0000     | +1.
0000
2026-04-08 11:16:21,
806 - INFO - NDCG@3 
         | 1.0000   
  | 0.5000     | +0.
5000
2026-04-08 11:16:21,
806 - INFO - NDCG@5 
         | 1.0000   
  | 0.5000     | +0.
5000
2026-04-08 11:16:21,
806 - INFO - NDCG@10
         | 1.0000   
  | 0.5000     | +0.
5000
2026-04-08 11:16:21,
806 - INFO - Recall@
1        | 1.0000   
  | 0.0000     | +1.
0000
2026-04-08 11:16:21,
806 - INFO - Recall@
3        | 1.0000   
  | 1.0000     | 0.0
000
2026-04-08 11:16:21,
806 - INFO - Recall@
5        | 1.0000   
  | 1.0000     | 0.0
000
2026-04-08 11:16:21,
806 - INFO - Recall@
10       | 1.0000   
  | 1.0000     | 0.0
000
2026-04-08 11:16:21,
806 - INFO - Precisi
on@1     | 1.0000   
  | 0.0000     | +1.
0000
2026-04-08 11:16:21,
806 - INFO - Precisi
on@3     | 0.3333   
  | 0.3333     | 0.0
000
2026-04-08 11:16:21,
806 - INFO - Precisi
on@5     | 0.2000   
  | 0.2000     | 0.0
000
2026-04-08 11:16:21,
807 - INFO - Precisi
on@10    | 0.1000   
  | 0.1000     | 0.0
000
2026-04-08 11:16:21,
807 - INFO - 
\U0001f3c6 MRR 优胜者: 
Python
2026-04-08 11:16:21,
807 - INFO - 
====================
====================
====================
====================
2026-04-08 11:16:21,
807 - INFO - 测试: 测试性
能优化相关文档
2026-04-08 11:16:21,
807 - INFO - =======
====================
====================
====================
=============
2026-04-08 11:16:21,
807 - INFO - 
[Python/Qdrant] 查询: 
'性能优化 缓存'
2026-04-08 11:16:22,
039 - INFO -   匹配分块数
: 58/58
2026-04-08 11:16:22,
039 - INFO -   Top-1
: architecture\EXECU
TE_CACHE_OPTIMIZATIO
N.md (分数: 3.9982)
2026-04-08 11:16:22,
041 - INFO - 
[TypeScript/SQLite F
TS5] 查询: '性能优化 缓存'
2026-04-08 11:16:22,
304 - INFO -   匹配分块数
: 10/58
2026-04-08 11:16:22,
305 - INFO -   Top-1
: architecture\FUNCT
ION_AUTO_PARSING_COM
PLETE.md (分数: 0.1291
06)
2026-04-08 11:16:22,
313 - INFO - 
--- 召回准确性评估 ---
2026-04-08 11:16:22,
313 - INFO - 查询: '性能
优化 缓存'
2026-04-08 11:16:22,
313 - INFO - 相关关键词: 
['cache', 'performan
ce', 'optimization',
 'speed']
2026-04-08 11:16:22,
314 - INFO - 
[Python] Top-10 结果及相
关性分析:
2026-04-08 11:16:22,
314 - INFO - 排名   | 
文档                  
                    
 | 分数         | 相关性 
   | 匹配关键词
2026-04-08 11:16:22,
314 - INFO - -----+-
--------------------
--------------------
-+------------+-----
---+----------------
-----
2026-04-08 11:16:22,
314 - INFO - 1    | 
architecture\EXECUTE
_CACHE_OPTIMIZATI...
 | 3.9982     | 0   
   | -
2026-04-08 11:16:22,
314 - INFO - 2    | 
architecture\EXECUTE
_CACHE_OPTIMIZATI...
 | 3.9828     | 0   
   | -
2026-04-08 11:16:22,
314 - INFO - 3    | 
architecture\AGENT_S
ERVICE_CONTEXT_CA...
 | 3.8113     | 0   
   | -
2026-04-08 11:16:22,
314 - INFO - 4    | 
QDRANT_MIGRATION_SUM
MARY.md             
 | 3.6734     | 0   
   | -
2026-04-08 11:16:22,
314 - INFO - 5    | 
BM25_CHINESE_SUPPORT
_REPORT.md          
 | 3.6126     | 0   
   | -
2026-04-08 11:16:22,
314 - INFO - 6    | 
BM25_CHINESE_SUPPORT
_REPORT.md          
 | 3.5459     | 0   
   | -
2026-04-08 11:16:22,
315 - INFO - 7    | 
architecture\AGENT_S
ERVICE_CONTEXT_CA...
 | 3.4641     | 0   
   | -
2026-04-08 11:16:22,
315 - INFO - 8    | 
BM25_CHINESE_SUPPORT
_REPORT.md          
 | 3.3297     | 0   
   | -
2026-04-08 11:16:22,
315 - INFO - 9    | 
BM25_PERFORMANCE_REP
ORT.md              
 | 3.2966     | 0   
   | -
2026-04-08 11:16:22,
315 - INFO - 10   | 
architecture\IMPROVE
MENTS_IMPLEMENTAT...
 | 3.2880     | 0   
   | -
2026-04-08 11:16:22,
318 - INFO - 
[TypeScript] Top-10 
结果及相关性分析:
2026-04-08 11:16:22,
318 - INFO - 排名   | 
文档                  
                    
 | 分数         | 相关性 
   | 匹配关键词
2026-04-08 11:16:22,
318 - INFO - -----+-
--------------------
--------------------
-+------------+-----
---+----------------
-----
2026-04-08 11:16:22,
318 - INFO - 1    | 
architecture\FUNCTIO
N_AUTO_PARSING_CO...
 | 0.1291     | 0   
   | -
2026-04-08 11:16:22,
318 - INFO - 2    | 
VECTOR_SEARCH_PARAMS
_FIX.md             
 | 0.1353     | 0   
   | -
2026-04-08 11:16:22,
318 - INFO - 3    | 
QDRANT_VERIFICATION_
REPORT.md           
 | 0.1457     | 0   
   | -
2026-04-08 11:16:22,
318 - INFO - 4    | 
TOOL_PARAMETER_INJEC
TOR_REMOVAL_VERIF...
 | 0.1536     | 0   
   | -
2026-04-08 11:16:22,
318 - INFO - 5    | 
architecture\BUSINES
S_LOGIC_CONFIRMED.md
 | 0.1686     | 0   
   | -
2026-04-08 11:16:22,
318 - INFO - 6    | 
architecture\GET_PRO
MPT_INJECT_PARAMS...
 | 0.1812     | 0   
   | -
2026-04-08 11:16:22,
318 - INFO - 7    | 
architecture\EXECUTE
_WITH_NAMESPACE_E...
 | 0.1868     | 0   
   | -
2026-04-08 11:16:22,
318 - INFO - 8    | 
architecture\EXECUTE
_WITH_NAMESPACE_E...
 | 0.2029     | 0   
   | -
2026-04-08 11:16:22,
318 - INFO - 9    | 
architecture\BUSINES
S_LOGIC_CONFIRMED.md
 | 0.2074     | 0   
   | -
2026-04-08 11:16:22,
318 - INFO - 10   | 
architecture\CONVERT
_TO_OPENAI_TOOL_U...
 | 0.2258     | 0   
   | -
2026-04-08 11:16:22,
318 - INFO - 
指标              | Py
thon     | TypeScrip
t | 差异
2026-04-08 11:16:22,
319 - INFO - -------
---------+----------
--+------------+----
-------
2026-04-08 11:16:22,
319 - INFO - MRR    
         | 0.0000   
  | 0.0000     | 0.0
000
2026-04-08 11:16:22,
319 - INFO - NDCG@1 
         | 0.0000   
  | 0.0000     | 0.0
000
2026-04-08 11:16:22,
319 - INFO - NDCG@3 
         | 0.0000   
  | 0.0000     | 0.0
000
2026-04-08 11:16:22,
319 - INFO - NDCG@5 
         | 0.0000   
  | 0.0000     | 0.0
000
2026-04-08 11:16:22,
319 - INFO - NDCG@10
         | 0.0000   
  | 0.0000     | 0.0
000
2026-04-08 11:16:22,
319 - INFO - Recall@
1        | 0.0000   
  | 0.0000     | 0.0
000
2026-04-08 11:16:22,
319 - INFO - Recall@
3        | 0.0000   
  | 0.0000     | 0.0
000
2026-04-08 11:16:22,
319 - INFO - Recall@
5        | 0.0000   
  | 0.0000     | 0.0
000
2026-04-08 11:16:22,
320 - INFO - Recall@
10       | 0.0000   
  | 0.0000     | 0.0
000
2026-04-08 11:16:22,
320 - INFO - Precisi
on@1     | 0.0000   
  | 0.0000     | 0.0
000
2026-04-08 11:16:22,
320 - INFO - Precisi
on@3     | 0.0000   
  | 0.0000     | 0.0
000
2026-04-08 11:16:22,
320 - INFO - Precisi
on@5     | 0.0000   
  | 0.0000     | 0.0
000
2026-04-08 11:16:22,
320 - INFO - Precisi
on@10    | 0.0000   
  | 0.0000     | 0.0
000
2026-04-08 11:16:22,
320 - INFO - 
\U0001f3c6 MRR 优胜者: 
平局
2026-04-08 11:16:22,
320 - INFO - 
====================
====================
====================
====================
2026-04-08 11:16:22,
320 - INFO - 测试: 测试混
合搜索相关文档
2026-04-08 11:16:22,
320 - INFO - =======
====================
====================
====================
=============
2026-04-08 11:16:22,
320 - INFO - 
[Python/Qdrant] 查询: 
'混合搜索 hybrid search'
2026-04-08 11:16:22,
525 - INFO -   匹配分块数
: 58/58
2026-04-08 11:16:22,
525 - INFO -   Top-1
: QDRANT_VERIFICATIO
N_REPORT.md (分数: 9.9
705)
2026-04-08 11:16:22,
526 - INFO - 
[TypeScript/SQLite F
TS5] 查询: '混合搜索 hybri
d search'
2026-04-08 11:16:22,
764 - INFO -   匹配分块数
: 10/58
2026-04-08 11:16:22,
764 - INFO -   Top-1
: TOOL_PARAMETER_INJ
ECTOR_REMOVAL_VERIFI
CATION.md (分数: 0.273
620)
2026-04-08 11:16:22,
772 - INFO - 
--- 召回准确性评估 ---
2026-04-08 11:16:22,
772 - INFO - 查询: '混合
搜索 hybrid search'
2026-04-08 11:16:22,
773 - INFO - 相关关键词: 
['hybrid', 'semantic
', 'keyword', 'fusio
n', 'rerank']
2026-04-08 11:16:22,
773 - INFO - 
[Python] Top-10 结果及相
关性分析:
2026-04-08 11:16:22,
773 - INFO - 排名   | 
文档                  
                    
 | 分数         | 相关性 
   | 匹配关键词
2026-04-08 11:16:22,
773 - INFO - -----+-
--------------------
--------------------
-+------------+-----
---+----------------
-----
2026-04-08 11:16:22,
773 - INFO - 1    | 
QDRANT_VERIFICATION_
REPORT.md           
 | 9.9705     | 1   
   | hybrid
2026-04-08 11:16:22,
773 - INFO - 2    | 
VERIFICATION_SCRIPTS
_GUIDE.md           
 | 8.7216     | 1   
   | hybrid
2026-04-08 11:16:22,
773 - INFO - 3    | 
MIXED_SEARCH_SUMMARY
.md                 
 | 8.6529     | 1   
   | hybrid
2026-04-08 11:16:22,
773 - INFO - 4    | 
VECTOR_SEARCH_PARAMS
_FIX.md             
 | 7.1517     | 0   
   | -
2026-04-08 11:16:22,
774 - INFO - 5    | 
废弃业务清理总结.md         
                    
 | 6.7237     | 0   
   | -
2026-04-08 11:16:22,
774 - INFO - 6    | 
VECTOR_SEARCH_PARAMS
_FIX.md             
 | 6.3752     | 0   
   | -
2026-04-08 11:16:22,
774 - INFO - 7    | 
QDRANT_MIGRATION_SUM
MARY.md             
 | 6.2990     | 0   
   | -
2026-04-08 11:16:22,
774 - INFO - 8    | 
废弃业务清理总结.md         
                    
 | 5.2595     | 0   
   | -
2026-04-08 11:16:22,
774 - INFO - 9    | 
BM25_CHINESE_SUPPORT
_REPORT.md          
 | 4.7877     | 0   
   | -
2026-04-08 11:16:22,
774 - INFO - 10   | 
QDRANT_VERIFICATION_
REPORT.md           
 | 4.7825     | 0   
   | -
2026-04-08 11:16:22,
775 - INFO - 
[TypeScript] Top-10 
结果及相关性分析:
2026-04-08 11:16:22,
775 - INFO - 排名   | 
文档                  
                    
 | 分数         | 相关性 
   | 匹配关键词
2026-04-08 11:16:22,
775 - INFO - -----+-
--------------------
--------------------
-+------------+-----
---+----------------
-----
2026-04-08 11:16:22,
776 - INFO - 1    | 
TOOL_PARAMETER_INJEC
TOR_REMOVAL_VERIF...
 | 0.2736     | 0   
   | -
2026-04-08 11:16:22,
776 - INFO - 2    | 
architecture\FILE_NA
MING_NORMALIZATIO...
 | 0.2813     | 0   
   | -
2026-04-08 11:16:22,
776 - INFO - 3    | 
BM25_PERFORMANCE_REP
ORT.md              
 | 0.2886     | 0   
   | -
2026-04-08 11:16:22,
776 - INFO - 4    | 
architecture\FILE_NA
MING_NORMALIZATIO...
 | 0.3550     | 0   
   | -
2026-04-08 11:16:22,
776 - INFO - 5    | 
architecture\FUNCTIO
N_AUTO_PARSING_CO...
 | 0.5289     | 0   
   | -
2026-04-08 11:16:22,
776 - INFO - 6    | 
architecture\FAMILIE
S_DIRECTORY_CLEAN...
 | 0.6749     | 0   
   | -
2026-04-08 11:16:22,
776 - INFO - 7    | 
BM25_PERFORMANCE_REP
ORT.md              
 | 0.7657     | 0   
   | -
2026-04-08 11:16:22,
776 - INFO - 8    | 
HYBRID_SEARCH_TEST_R
EPORT.md            
 | 0.8028     | 0   
   | -
2026-04-08 11:16:22,
776 - INFO - 9    | 
unit_test_summary.md
                    
 | 0.8593     | 0   
   | -
2026-04-08 11:16:22,
776 - INFO - 10   | 
QDRANT_MIGRATION_SUM
MARY.md             
 | 0.9078     | 0   
   | -
2026-04-08 11:16:22,
776 - INFO - 
指标              | Py
thon     | TypeScrip
t | 差异
2026-04-08 11:16:22,
776 - INFO - -------
---------+----------
--+------------+----
-------
2026-04-08 11:16:22,
776 - INFO - MRR    
         | 1.0000   
  | 0.0000     | +1.
0000
2026-04-08 11:16:22,
776 - INFO - NDCG@1 
         | 1.0000   
  | 0.0000     | +1.
0000
2026-04-08 11:16:22,
776 - INFO - NDCG@3 
         | 1.0000   
  | 0.0000     | +1.
0000
2026-04-08 11:16:22,
776 - INFO - NDCG@5 
         | 1.0000   
  | 0.0000     | +1.
0000
2026-04-08 11:16:22,
777 - INFO - NDCG@10
         | 1.0000   
  | 0.0000     | +1.
0000
2026-04-08 11:16:22,
777 - INFO - Recall@
1        | 0.3333   
  | 0.0000     | +0.
3333
2026-04-08 11:16:22,
777 - INFO - Recall@
3        | 1.0000   
  | 0.0000     | +1.
0000
2026-04-08 11:16:22,
777 - INFO - Recall@
5        | 1.0000   
  | 0.0000     | +1.
0000
2026-04-08 11:16:22,
777 - INFO - Recall@
10       | 1.0000   
  | 0.0000     | +1.
0000
2026-04-08 11:16:22,
777 - INFO - Precisi
on@1     | 1.0000   
  | 0.0000     | +1.
0000
2026-04-08 11:16:22,
777 - INFO - Precisi
on@3     | 1.0000   
  | 0.0000     | +1.
0000
2026-04-08 11:16:22,
777 - INFO - Precisi
on@5     | 0.6000   
  | 0.0000     | +0.
6000
2026-04-08 11:16:22,
777 - INFO - Precisi
on@10    | 0.3000   
  | 0.0000     | +0.
3000
2026-04-08 11:16:22,
777 - INFO - 
\U0001f3c6 MRR 优胜者: 
Python
2026-04-08 11:16:22,
777 - INFO - 
====================
====================
====================
====================
2026-04-08 11:16:22,
777 - INFO - 总体统计
2026-04-08 11:16:22,
777 - INFO - =======
====================
====================
====================
=============
2026-04-08 11:16:22,
778 - INFO - 总查询数: 6
2026-04-08 11:16:22,
778 - INFO - Python 
优胜: 3
2026-04-08 11:16:22,
778 - INFO - TypeScr
ipt 优胜: 0
2026-04-08 11:16:22,
778 - INFO - 平局: 3
2026-04-08 11:16:22,
778 - INFO - 
平均 MRR:
2026-04-08 11:16:22,
778 - INFO -   Pytho
n:     0.8333
2026-04-08 11:16:22,
778 - INFO -   TypeS
cript: 0.4222
2026-04-08 11:16:22,
778 - INFO -   差异:  
     +0.4111
2026-04-08 11:16:22,
778 - INFO - 
\U0001f3c6 总体优胜者: Py
thon
2026-04-08 11:16:22,
791 - INFO - 
测试结果已导出到: D:\编程开发\AI
\ai_chat\backend\tes
ts\verification\busi
ness_scenario_bm25_c
omparison.json
